[Worker #0] running preexec command '/cluster/home/amundbk/chipyard/sims/firesim/deploy/alveo/scripts/prepareFireSimImage.sh af spec2017-pmapld-ref-520.omnetpp_r'
+ cp -aL /cluster/home/amundbk/chipyard/sims/firesim/deploy/alveo/scripts/../common/images/spec2017-pmapld-ref-520.omnetpp_r.img /cluster/home/amundbk/chipyard/sims/firesim/deploy/alveo/runs/2024-09-24_11-20-21_spec2017-pmapld-ref-520.omnetpp_r/workload.img
+ cp -aL /cluster/home/amundbk/chipyard/sims/firesim/deploy/alveo/scripts/../common/images/spec2017-pmapld-ref-520.omnetpp_r-bin /cluster/home/amundbk/chipyard/sims/firesim/deploy/alveo/runs/2024-09-24_11-20-21_spec2017-pmapld-ref-520.omnetpp_r/workload.bin
+ set +x
[Worker #0] running exec command '/cluster/home/amundbk/chipyard/sims/firesim/deploy/alveo/scripts/launchFireSim.sh af spec2017-pmapld-ref-520.omnetpp_r'
INFO: apply quirk for xilinx-alveo-quirk on device id af before flashing
xilinx_alveo_pciquirk: setpci -s 0000:ae:00.0 COMMAND=0000:0100
xilinx_alveo_pciquirk: setpci -s 0000:ae:00.0 CAP_EXP+8.w=0000:0004
INFO: starting hardware server and vivado to flash device id af

****** Vivado v2022.2 (64-bit)
  **** SW Build 3671981 on Fri Oct 14 04:59:54 MDT 2022
  **** IP Build 3669848 on Fri Oct 14 08:30:02 MDT 2022
    ** Copyright 1986-2022 Xilinx, Inc. All Rights Reserved.

source /etc/fpga-util/u250.tcl -notrace
open_hw_manager: Time (s): cpu = 00:00:05 ; elapsed = 00:00:13 . Memory (MB): peak = 1800.266 ; gain = 96.961 ; free physical = 379139 ; free virtual = 381703
INFO: [Labtools 27-2285] Connecting to hw_server url TCP:localhost:3121
INFO: [Labtools 27-2222] Launching hw_server...
INFO: [Labtools 27-2221] Launch Output:

****** Xilinx hw_server v2022.2
  **** Build date : Oct 14 2022 at 05:10:28
    ** Copyright 1986-2022 Xilinx, Inc. All Rights Reserved.


INFO: [Labtoolstcl 44-466] Opening hw_target localhost:3121/xilinx_tcf/Xilinx/21330409F028A
INFO: [Labtools 27-3164] End of startup status: HIGH
program_hw_devices: Time (s): cpu = 00:01:04 ; elapsed = 00:01:04 . Memory (MB): peak = 1843.195 ; gain = 0.000 ; free physical = 379164 ; free virtual = 381769
INFO: [Common 17-206] Exiting Vivado at Tue Sep 24 11:23:36 2024...
INFO: apply quirk for xilinx-alveo-quirk on device id af after flashing
xilinx_alveo_pciquirk: 1 > /sys/bus/pci/devices/0000:ae:00.0/0000:af:00.0/remove
xilinx_alveo_pciquirk: 1 > /sys/bus/pci/devices/0000:ae:00.0/rescan
xilinx_alveo_pciquirk: setpci -s 0000:af:00.0 COMMAND=0x02
INFO: flashed bitstream to device id af and changed ownership of attached devices
+ echo +slotid=af
+ echo +blkdev0=/cluster/home/amundbk/chipyard/sims/firesim/deploy/alveo/runs/2024-09-24_11-20-21_spec2017-pmapld-ref-520.omnetpp_r/workload.img
+ echo +permissive-off
+ echo /cluster/home/amundbk/chipyard/sims/firesim/deploy/alveo/runs/2024-09-24_11-20-21_spec2017-pmapld-ref-520.omnetpp_r/workload.bin
+ sync
+ xargs -t -a /cluster/home/amundbk/chipyard/sims/firesim/deploy/alveo/runs/2024-09-24_11-20-21_spec2017-pmapld-ref-520.omnetpp_r/runtime.conf -d '
' /cluster/home/amundbk/chipyard/sims/firesim/deploy/alveo/scripts/../../../sim/output/alveo/FireSim-WithDefaultFireSimBridges_firesim.configs.WithDefaultMemModel_WithFireSimConfigTweaks_chipyard.MegaBoomConfigNDAStats-BaseF1Config1Mem_F50MHz/FireSim-alveo
/cluster/home/amundbk/chipyard/sims/firesim/deploy/alveo/scripts/../../../sim/output/alveo/FireSim-WithDefaultFireSimBridges_firesim.configs.WithDefaultMemModel_WithFireSimConfigTweaks_chipyard.MegaBoomConfigNDAStats-BaseF1Config1Mem_F50MHz/FireSim-alveo +permissive +mm_relaxFunctionalModel_0=0 +mm_writeMaxReqs_0=16 +mm_readMaxReqs_0=16 +mm_writeLatency_0=30 +mm_readLatency_0=30 +zero-out-dram +max-cycles=10000000000 +tracedoctor-trigger=tracerv +trace-start=ffffffff00008013 +trace-end=ffffffff00010013 +tracedoctor-worker=shadow,file:results.txt +tracedoctor-buffer=512,8 +trace-select=3 +slotid=af +blkdev0=/cluster/home/amundbk/chipyard/sims/firesim/deploy/alveo/runs/2024-09-24_11-20-21_spec2017-pmapld-ref-520.omnetpp_r/workload.img +permissive-off /cluster/home/amundbk/chipyard/sims/firesim/deploy/alveo/runs/2024-09-24_11-20-21_spec2017-pmapld-ref-520.omnetpp_r/workload.bin 
TraceRV 0: Tracing disabled, since +tracefile was not provided.
random min: 0x0, random max: 0xffffffffffffffff
Zeroing out FPGA DRAM. This will take a few minutes...
Commencing simulation.

OpenSBI v0.8
   ____                    _____ ____ _____
  / __ \                  / ____|  _ \_   _|
 | |  | |_ __   ___ _ __ | (___ | |_) || |
 | |  | | '_ \ / _ \ '_ \ \___ \|  _ < | |
 | |__| | |_) |  __/ | | |____) | |_) || |_
  \____/| .__/ \___|_| |_|_____/|____/_____|
        | |
        |_|

Platform Name       : freechips,rocketchip-unknown
Platform Features   : timer,mfdeleg
Platform HART Count : 1
Boot HART ID        : 0
Boot HART ISA       : rv64imafdcsux
BOOT HART Features  : pmp,scounteren,mcounteren
BOOT HART PMP Count : 16
Firmware Base       : 0x80000000
Firmware Size       : 92 KB
Runtime SBI Version : 0.2

MIDELEG : 0x0000000000000222
MEDELEG : 0x000000000000b109
PMP0    : 0x0000000080000000-0x000000008001ffff (A)
PMP1    : 0x0000000000000000-0x0000000fffffffff (A,R,W,X)
[    0.000000] OF: fdt: No chosen node found, continuing without
[    0.000000] OF: fdt: Ignoring memory range 0x80000000 - 0x80200000
[    0.000000] Forcing kernel command line to: console=hvc0 earlycon=sbi
[    0.000000] Linux version 5.7.0-rc3-58540-gc44f708f46c2 (amundbk@idun-00-06) (gcc version 9.2.0 (GCC), GNU ld (GNU Binutils) 2.32) #3 SMP Mon Feb 12 15:40:44 CET 2024
[    0.000000] earlycon: sbi0 at I/O port 0x0 (options '')
[    0.000000] printk: bootconsole [sbi0] enabled
[    0.000000] initrd not found or empty - disabling initrd
[    0.000000] Zone ranges:
[    0.000000]   DMA32    [mem 0x0000000080200000-0x00000000ffffffff]
[    0.000000]   Normal   [mem 0x0000000100000000-0x000000047fffffff]
[    0.000000] Movable zone start for each node
[    0.000000] Early memory node ranges
[    0.000000]   node   0: [mem 0x0000000080200000-0x000000047fffffff]
[    0.000000] Initmem setup node 0 [mem 0x0000000080200000-0x000000047fffffff]
[    0.000000] software IO TLB: mapped [mem 0xfbfff000-0xfffff000] (64MB)
[    0.000000] SBI specification v0.2 detected
[    0.000000] SBI implementation ID=0x1 Version=0x8
[    0.000000] SBI v0.2 TIME extension detected
[    0.000000] SBI v0.2 IPI extension detected
[    0.000000] SBI v0.2 RFENCE extension detected
[    0.000000] SBI v0.2 HSM extension detected
[    0.000000] elf_hwcap is 0x112d
[    0.000000] percpu: Embedded 18 pages/cpu s33896 r8192 d31640 u73728
[    0.000000] Built 1 zonelists, mobility grouping on.  Total pages: 4136455
[    0.000000] Kernel command line: console=hvc0 earlycon=sbi
[    0.000000] Dentry cache hash table entries: 2097152 (order: 12, 16777216 bytes, linear)
[    0.000000] Inode-cache hash table entries: 1048576 (order: 11, 8388608 bytes, linear)
[    0.000000] Sorting __ex_table...
[    0.000000] mem auto-init: stack:off, heap alloc:off, heap free:off
[    0.000000] Memory: 16437968K/16775168K available (6661K kernel code, 4024K rwdata, 4096K rodata, 1537K init, 327K bss, 337200K reserved, 0K cma-reserved)
[    0.000000] Virtual kernel memory layout:
[    0.000000]       fixmap : 0xffffffcefee00000 - 0xffffffceff000000   (2048 kB)
[    0.000000]       pci io : 0xffffffceff000000 - 0xffffffcf00000000   (  16 MB)
[    0.000000]      vmemmap : 0xffffffcf00000000 - 0xffffffcfffffffff   (4095 MB)
[    0.000000]      vmalloc : 0xffffffd000000000 - 0xffffffdfffffffff   (65535 MB)
[    0.000000]       lowmem : 0xffffffe000000000 - 0xffffffe3ffe00000   (16382 MB)
[    0.000000] SLUB: HWalign=64, Order=0-3, MinObjects=0, CPUs=1, Nodes=1
[    0.000000] rcu: Hierarchical RCU implementation.
[    0.000000] rcu: 	RCU restricting CPUs from NR_CPUS=8 to nr_cpu_ids=1.
[    0.000000] rcu: 	RCU debug extended QS entry/exit.
[    0.000000] rcu: RCU calculated value of scheduler-enlistment delay is 25 jiffies.
[    0.000000] rcu: Adjusting geometry for rcu_fanout_leaf=16, nr_cpu_ids=1
[    0.000000] NR_IRQS: 0, nr_irqs: 0, preallocated irqs: 0
[    0.000000] plic: mapped 2 interrupts with 1 handlers for 2 contexts.
[    0.000000] riscv_timer_init_dt: Registering clocksource cpuid [0] hartid [0]
[    0.000000] clocksource: riscv_clocksource: mask: 0xffffffffffffffff max_cycles: 0x1d854df40, max_idle_ns: 3526361616960 ns
[    0.000004] sched_clock: 64 bits at 1000kHz, resolution 1000ns, wraps every 2199023255500ns
[    0.000337] Console: colour dummy device 80x25
[    0.000409] printk: console [hvc0] enabled
[    0.000409] printk: console [hvc0] enabled
[    0.000667] printk: bootconsole [sbi0] disabled
[    0.000667] printk: bootconsole [sbi0] disabled
[    0.000970] Calibrating delay loop (skipped), value calculated using timer frequency.. 2.00 BogoMIPS (lpj=4000)
[    0.001273] pid_max: default: 32768 minimum: 301
[    0.001663] Mount-cache hash table entries: 32768 (order: 6, 262144 bytes, linear)
[    0.001878] Mountpoint-cache hash table entries: 32768 (order: 6, 262144 bytes, linear)
[    0.003052] rcu: Hierarchical SRCU implementation.
[    0.003386] smp: Bringing up secondary CPUs ...
[    0.003432] smp: Brought up 1 node, 1 CPU
[    0.004425] devtmpfs: initialized
[    0.005261] random: get_random_u32 called from bucket_table_alloc.isra.0+0x4a/0xbe with crng_init=0
[    0.005497] clocksource: jiffies: mask: 0xffffffff max_cycles: 0xffffffff, max_idle_ns: 7645041785100000 ns
[    0.005665] futex hash table entries: 256 (order: 2, 16384 bytes, linear)
[    0.005869] thermal_sys: Registered thermal governor 'step_wise'
[    0.005873] thermal_sys: Registered thermal governor 'user_space'
[    0.006080] NET: Registered protocol family 16
[    0.015866] HugeTLB registered 2.00 MiB page size, pre-allocated 0 pages
[    0.019174] vgaarb: loaded
[    0.019465] SCSI subsystem initialized
[    0.019767] usbcore: registered new interface driver usbfs
[    0.019852] usbcore: registered new interface driver hub
[    0.019928] usbcore: registered new device driver usb
[    0.020650] clocksource: Switched to clocksource riscv_clocksource
[    0.026973] NET: Registered protocol family 2
[    0.027386] tcp_listen_portaddr_hash hash table entries: 8192 (order: 6, 327680 bytes, linear)
[    0.027719] TCP established hash table entries: 131072 (order: 8, 1048576 bytes, linear)
[    0.029286] TCP bind hash table entries: 65536 (order: 9, 2097152 bytes, linear)
[    0.030914] TCP: Hash tables configured (established 131072 bind 65536)
[    0.031126] UDP hash table entries: 8192 (order: 7, 786432 bytes, linear)
[    0.031709] UDP-Lite hash table entries: 8192 (order: 7, 786432 bytes, linear)
[    0.032368] NET: Registered protocol family 1
[    0.032829] RPC: Registered named UNIX socket transport module.
[    0.032886] RPC: Registered udp transport module.
[    0.032930] RPC: Registered tcp transport module.
[    0.032973] RPC: Registered tcp NFSv4.1 backchannel transport module.
[    0.033033] PCI: CLS 0 bytes, default 64
[    0.055199] workingset: timestamp_bits=62 max_order=22 bucket_order=0
[    0.062544] NFS: Registering the id_resolver key type
[    0.062608] Key type id_resolver registered
[    0.062648] Key type id_legacy registered
[    0.062694] nfs4filelayout_init: NFSv4 File Layout Driver Registering...
[    0.062878] 9p: Installing v9fs 9p2000 file system support
[    0.081260] NET: Registered protocol family 38
[    0.081330] Block layer SCSI generic (bsg) driver version 0.4 loaded (major 252)
[    0.081397] io scheduler mq-deadline registered
[    0.081440] io scheduler kyber registered
[    0.126095] Serial: 8250/16550 driver, 4 ports, IRQ sharing disabled
[    0.127062] [drm] radeon kernel modesetting enabled.
[    0.133495] loop: module loaded
[    0.134259] libphy: Fixed MDIO Bus: probed
[    0.134810] e1000e: Intel(R) PRO/1000 Network Driver - 3.2.6-k
[    0.134864] e1000e: Copyright(c) 1999 - 2015 Intel Corporation.
[    0.134989] ehci_hcd: USB 2.0 'Enhanced' Host Controller (EHCI) Driver
[    0.135048] ehci-pci: EHCI PCI platform driver
[    0.135117] ehci-platform: EHCI generic platform driver
[    0.135211] ohci_hcd: USB 1.1 'Open' Host Controller (OHCI) Driver
[    0.135277] ohci-pci: OHCI PCI platform driver
[    0.135368] ohci-platform: OHCI generic platform driver
[    0.135769] usbcore: registered new interface driver uas
[    0.135857] usbcore: registered new interface driver usb-storage
[    0.136040] mousedev: PS/2 mouse device common for all mice
[    0.136484] usbcore: registered new interface driver usbhid
[    0.136536] usbhid: USB HID core driver
[    0.137223] NET: Registered protocol family 10
[    0.137912] Segment Routing with IPv6
[    0.138008] sit: IPv6, IPv4 and MPLS over IPv4 tunneling driver
[    0.138499] NET: Registered protocol family 17
[    0.138711] 9pnet: Installing 9P2000 support
[    0.138786] Key type dns_resolver registered
[    0.140926] Freeing unused kernel memory: 1536K
[    0.149110] Run /init as init process
[    0.161850] icenet: loading out-of-tree module taints kernel.
[    0.169254] disk [iceblk] of loaded; 1886040 sectors, 1 tags, 16 max request length
Mounting /dev/iceblk as root device
[    0.172591] EXT4-fs (iceblk): warning: mounting unchecked fs, running e2fsck is recommended
[    0.173109] EXT4-fs (iceblk): mounted filesystem without journal. Opts: (null)
Loaded platform drivers, booting from disk:
[    0.204109] random: fast init done
[    0.212430] EXT4-fs (iceblk): re-mounted. Opts: (null)
Starting syslogd: OK
Starting klogd: OK
Running sysctl: OK
Starting mdev: OK
Initializing random number generator: OK
Saving random seed: [    1.090336] random: dd: uninitialized urandom read (512 bytes read)
OK
Starting network: OK
Starting dropbear sshd: OK
launching firesim workload run/command
+ cd 520.omnetpp_r/ref
+ firesim-start-trigger
+ /usr/bin/time -f '%e %U %S' -o /opt/spec2017/output/520.omnetpp_r_ref0.time -- pmapelf -v /opt/spec2017/output/520.omnetpp_r_ref0.vmmap -o /dev/null -- ./omnetpp_r.ld.riscv-64 -c General -r 0
OMNeT++ Discrete Event Simulation  (C) 1992-2008 Andras Varga, OpenSim Ltd.
Version: 4.0, build: 090310-10709, edition: Academic Public License -- NOT FOR COMMERCIAL USE
See the license for distribution terms and warranty disclaimer
Setting up Cmdenv...
Loading NED files from a SPEC directory 13

Preparing for running configuration General, run #0...
Scenario: $repetition=0
Assigned runID=speccpu-runid
[    2.290903] random: omnetpp_r.ld.ri: uninitialized urandom read (4096 bytes read)
[    2.291142] random: omnetpp_r.ld.ri: uninitialized urandom read (4096 bytes read)
[    2.291478] random: omnetpp_r.ld.ri: uninitialized urandom read (4096 bytes read)
Setting up network `largeNet'...
Initializing...

Running simulation...
** Event #1   T=0   Elapsed: 0.000s (0m 00s)  0% completed   ev/sec=0

Simulation complete.
*** FAILED *** +max_cycles specified timeout after 10000000001 cycles

Emulation Performance Summary
------------------------------
Wallclock Time Elapsed: 266.2 s
Host Frequency: 49.999 MHz
Target Cycles Emulated: 10000000001
Effective Target Frequency: 37.572 MHz
FMR: 1.33
Note: The latter three figures are based on the fastest target clock.
examining xdma/.
examining xdma/..
examining xdma/xdma92_events_4
Using xdma write queue: /dev/xdma92_h2c_0
Using xdma read queue: /dev/xdma92_c2h_0
UART0 is here (stdin/stdout).
command line for program 0. argc=18:
+permissive +mm_relaxFunctionalModel_0=0 +mm_writeMaxReqs_0=16 +mm_readMaxReqs_0=16 +mm_writeLatency_0=30 +mm_readLatency_0=30 +zero-out-dram +max-cycles=10000000000 +tracedoctor-trigger=tracerv +trace-start=ffffffff00008013 +trace-end=ffffffff00010013 +tracedoctor-worker=shadow,file:results.txt +tracedoctor-buffer=512,8 +trace-select=3 +slotid=af +blkdev0=/cluster/home/amundbk/chipyard/sims/firesim/deploy/alveo/runs/2024-09-24_11-20-21_spec2017-pmapld-ref-520.omnetpp_r/workload.img +permissive-off /cluster/home/amundbk/chipyard/sims/firesim/deploy/alveo/runs/2024-09-24_11-20-21_spec2017-pmapld-ref-520.omnetpp_r/workload.bin 
TraceDoctor@0: adding worker 'shadow' with args 'file:results.txt'
shadow@0: file(results.txt), sampling_period(0), random_start(0), random_offset(0), flush_threshold(0)
TraceDoctor@0: using balanced thread pool of 1 threads
TracerV: Trigger enabled from start trigger instruction 8013 masked with ffffffff, to end trigger instruction 10013 masked with ffffffff
TraceDoctor@0: trigger(tracerv), stream_depth(6144), token_width(512), trace_width(512),
TraceDoctor@0: buffer_depth(64), buffer_grouping(1), workers(1), threads(1)
TraceDoctor@0: tick_time(217.796498), traced_tokens(8293351749), traced_bytes(530774511936)
+ sync
+ exit 0
[Worker #0] running postexec command '/cluster/home/amundbk/chipyard/sims/firesim/deploy/alveo/scripts/finishFireSimImage.sh af spec2017-pmapld-ref-520.omnetpp_r nda'
++ mktemp -d
+ tmp=/tmp/tmp.f5GxiQ05dw
+ guestmount -a /cluster/home/amundbk/chipyard/sims/firesim/deploy/alveo/runs/2024-09-24_11-20-21_spec2017-pmapld-ref-520.omnetpp_r/workload.img -m /dev/sda /tmp/tmp.f5GxiQ05dw
+ cd /tmp/tmp.f5GxiQ05dw
+ '[' -d output ']'
+ '[' -d opt ']'
+ find opt -type d -name output -exec cp -var --parents '{}' /cluster/home/amundbk/chipyard/sims/firesim/deploy/alveo/runs/2024-09-24_11-20-21_spec2017-pmapld-ref-520.omnetpp_r/results/ ';'
opt -> /cluster/home/amundbk/chipyard/sims/firesim/deploy/alveo/runs/2024-09-24_11-20-21_spec2017-pmapld-ref-520.omnetpp_r/results/opt
opt/spec2017 -> /cluster/home/amundbk/chipyard/sims/firesim/deploy/alveo/runs/2024-09-24_11-20-21_spec2017-pmapld-ref-520.omnetpp_r/results/opt/spec2017
'opt/spec2017/output' -> '/cluster/home/amundbk/chipyard/sims/firesim/deploy/alveo/runs/2024-09-24_11-20-21_spec2017-pmapld-ref-520.omnetpp_r/results/opt/spec2017/output'
'opt/spec2017/output/520.omnetpp_r_ref0.time' -> '/cluster/home/amundbk/chipyard/sims/firesim/deploy/alveo/runs/2024-09-24_11-20-21_spec2017-pmapld-ref-520.omnetpp_r/results/opt/spec2017/output/520.omnetpp_r_ref0.time'
+ guestunmount /tmp/tmp.f5GxiQ05dw
+ rm -fR /tmp/tmp.f5GxiQ05dw
+ rm -f /cluster/home/amundbk/chipyard/sims/firesim/deploy/alveo/runs/2024-09-24_11-20-21_spec2017-pmapld-ref-520.omnetpp_r/workload.img
+ rm -f /cluster/home/amundbk/chipyard/sims/firesim/deploy/alveo/runs/2024-09-24_11-20-21_spec2017-pmapld-ref-520.omnetpp_r/workload.bin
+ gzip -v /cluster/home/amundbk/chipyard/sims/firesim/deploy/alveo/runs/2024-09-24_11-20-21_spec2017-pmapld-ref-520.omnetpp_r/heartbeat.csv /cluster/home/amundbk/chipyard/sims/firesim/deploy/alveo/runs/2024-09-24_11-20-21_spec2017-pmapld-ref-520.omnetpp_r/latency-hist.csv /cluster/home/amundbk/chipyard/sims/firesim/deploy/alveo/runs/2024-09-24_11-20-21_spec2017-pmapld-ref-520.omnetpp_r/latency_histogram.csv /cluster/home/amundbk/chipyard/sims/firesim/deploy/alveo/runs/2024-09-24_11-20-21_spec2017-pmapld-ref-520.omnetpp_r/memory_stats0.csv
/cluster/home/amundbk/chipyard/sims/firesim/deploy/alveo/runs/2024-09-24_11-20-21_spec2017-pmapld-ref-520.omnetpp_r/heartbeat.csv:	 25.3% -- replaced with /cluster/home/amundbk/chipyard/sims/firesim/deploy/alveo/runs/2024-09-24_11-20-21_spec2017-pmapld-ref-520.omnetpp_r/heartbeat.csv.gz
/cluster/home/amundbk/chipyard/sims/firesim/deploy/alveo/runs/2024-09-24_11-20-21_spec2017-pmapld-ref-520.omnetpp_r/latency-hist.csv:	 51.7% -- replaced with /cluster/home/amundbk/chipyard/sims/firesim/deploy/alveo/runs/2024-09-24_11-20-21_spec2017-pmapld-ref-520.omnetpp_r/latency-hist.csv.gz
/cluster/home/amundbk/chipyard/sims/firesim/deploy/alveo/runs/2024-09-24_11-20-21_spec2017-pmapld-ref-520.omnetpp_r/latency_histogram.csv:	 98.9% -- replaced with /cluster/home/amundbk/chipyard/sims/firesim/deploy/alveo/runs/2024-09-24_11-20-21_spec2017-pmapld-ref-520.omnetpp_r/latency_histogram.csv.gz
/cluster/home/amundbk/chipyard/sims/firesim/deploy/alveo/runs/2024-09-24_11-20-21_spec2017-pmapld-ref-520.omnetpp_r/memory_stats0.csv:	 71.0% -- replaced with /cluster/home/amundbk/chipyard/sims/firesim/deploy/alveo/runs/2024-09-24_11-20-21_spec2017-pmapld-ref-520.omnetpp_r/memory_stats0.csv.gz
+ IFS=-
+ read -a array
+ TNAME=520.omnetpp_r
+ '[' '!' -d /cluster/home/amundbk/chipyard/sims/firesim/deploy/alveo/scripts/../results/nda ']'
+ '[' -d /cluster/home/amundbk/chipyard/sims/firesim/deploy/alveo/scripts/../results/nda/520.omnetpp_r.csv ']'
+ cp -- /cluster/home/amundbk/chipyard/sims/firesim/deploy/alveo/runs/2024-09-24_11-20-21_spec2017-pmapld-ref-520.omnetpp_r/results.txt /cluster/home/amundbk/chipyard/sims/firesim/deploy/alveo/scripts/../results/nda/520.omnetpp_r.csv
+ set +x
